ðŸŒŸ This was machine generated.  Do not edit. ðŸŒŸ

Frame[0] {}
Name: 
Dimensions: 2 Fields by 37 Rows
+-------------------------------+-----------------------------------------------------------------------------------------------------------------------------------------------------------------------------------------------------------------------------------------------------+
| Name: time                    | Name: gc_reclaimed                                                                                                                                                                                                                                  |
| Labels:                       | Labels: availability_zone=ap-northeast-1-3, cell=ap-northeast-1-cell-5, instance_name=i-zaZswmJk-zeus-0002.amazonaws.com, jdk_version=JDK_11, microservice_name=zeus, process_name=server, region=ap-northeast-1, silo=ap-northeast-1-cell-5-silo-2 |
| Type: []time.Time             | Type: []*float64                                                                                                                                                                                                                                    |
+-------------------------------+-----------------------------------------------------------------------------------------------------------------------------------------------------------------------------------------------------------------------------------------------------+
| 2020-08-20 21:31:18 +0000 UTC | 99.45151776944134                                                                                                                                                                                                                                   |
| 2020-08-20 21:34:41 +0000 UTC | 63.351232308040025                                                                                                                                                                                                                                  |
| 2020-08-20 21:38:04 +0000 UTC | 80.87701379376135                                                                                                                                                                                                                                   |
| 2020-08-20 21:41:25 +0000 UTC | 11.433718482140609                                                                                                                                                                                                                                  |
| 2020-08-20 21:44:48 +0000 UTC | 50.91424854459535                                                                                                                                                                                                                                   |
| 2020-08-20 21:48:15 +0000 UTC | 74.06796865135388                                                                                                                                                                                                                                   |
| 2020-08-20 21:51:41 +0000 UTC | 48.800300503120106                                                                                                                                                                                                                                  |
| 2020-08-20 21:55:07 +0000 UTC | 95.88258548308211                                                                                                                                                                                                                                   |
| 2020-08-20 21:58:33 +0000 UTC | 9.585793416959621                                                                                                                                                                                                                                   |
| ...                           | ...                                                                                                                                                                                                                                                 |
+-------------------------------+-----------------------------------------------------------------------------------------------------------------------------------------------------------------------------------------------------------------------------------------------------+


====== TEST DATA RESPONSE (arrow base64) ======
FRAME=QVJST1cxAAD/////2AIAABAAAAAAAAoADgAMAAsABAAKAAAAFAAAAAAAAAEDAAoADAAAAAgABAAKAAAACAAAAHQAAAADAAAATAAAACgAAAAEAAAAvP3//wgAAAAMAAAAAAAAAAAAAAAFAAAAcmVmSWQAAADc/f//CAAAAAwAAAAAAAAAAAAAAAQAAABuYW1lAAAAAPz9//8IAAAADAAAAAIAAAB7fQAABAAAAG1ldGEAAAAAAgAAAMABAAAYAAAAAAASABgAFAATABIADAAAAAgABAASAAAAFAAAAGwBAABsAQAAAAADAWwBAAACAAAANAAAAAQAAABg/v//CAAAABgAAAAMAAAAZ2NfcmVjbGFpbWVkAAAAAAQAAABuYW1lAAAAAIz+//8IAAAAEAEAAAYBAAB7ImF2YWlsYWJpbGl0eV96b25lIjoiYXAtbm9ydGhlYXN0LTEtMyIsImNlbGwiOiJhcC1ub3J0aGVhc3QtMS1jZWxsLTUiLCJpbnN0YW5jZV9uYW1lIjoiaS16YVpzd21Kay16ZXVzLTAwMDIuYW1hem9uYXdzLmNvbSIsImpka192ZXJzaW9uIjoiSkRLXzExIiwibWljcm9zZXJ2aWNlX25hbWUiOiJ6ZXVzIiwicHJvY2Vzc19uYW1lIjoic2VydmVyIiwicmVnaW9uIjoiYXAtbm9ydGhlYXN0LTEiLCJzaWxvIjoiYXAtbm9ydGhlYXN0LTEtY2VsbC01LXNpbG8tMiJ9AAAGAAAAbGFiZWxzAAAAAAAAgv///wAAAgAMAAAAZ2NfcmVjbGFpbWVkAAASABgAFAAAABMADAAAAAgABAASAAAAFAAAAEQAAABMAAAAAAAACkwAAAABAAAADAAAAAgADAAIAAQACAAAAAgAAAAQAAAABAAAAHRpbWUAAAAABAAAAG5hbWUAAAAAAAAAAAAABgAIAAYABgAAAAAAAwAEAAAAdGltZQAAAAAAAAAA/////7gAAAAUAAAAAAAAAAwAFgAUABMADAAEAAwAAABQAgAAAAAAABQAAAAAAAADAwAKABgADAAIAAQACgAAABQAAABYAAAAJQAAAAAAAAAAAAAABAAAAAAAAAAAAAAAAAAAAAAAAAAAAAAAAAAAACgBAAAAAAAAKAEAAAAAAAAAAAAAAAAAACgBAAAAAAAAKAEAAAAAAAAAAAAAAgAAACUAAAAAAAAAAAAAAAAAAAAlAAAAAAAAAAAAAAAAAAAAAPzMqVAXLRYAKovtfxctFgBYSTGvFy0WAPLR/d0XLRYAIJBBDRgtFgB2uXM9GC0WAAJIam0YLRYAjtZgnRgtFgAaZVfNGC0WAHCOif0YLRYA/ByALRktFgC+EDtdGS0WAEqfMY0ZLRYA/pgWvhktFgDo97/uGS0WAKrreh4aLRYAYGjzShotFgDgf6d3Gi0WACoyl6QaLRYAdOSG0RotFgCIMbL+Gi0WAI6EBy0bLRYAqL+6ahstFgD09D2TGy0WAHaPhbsbLRYALo+R4xstFgCwKdkLHC0WADLEIDQcLRYA6sMsXBwtFgA2+a+EHC0WALiT96wcLRYABMl61RwtFgAamTn+HC0WAGbOvCYdLRYAsgNATx0tFgD+OMN3HS0WAEpuRqAdLRYPVMmq5dxYQE4qJi71rE9AI5Z2/iA4VEDq7VBZEN4mQPC5pxgGdUlA9q0vmVmEUkDF7zM/cGZIQMVw0kd8+FdAehtgHe0rI0BGpP6pC6VJQJEFQ/nohUdAe+Zf30XRNUC896OEfiNNQDESux0TcyNAzlmzRbnqTkCZZBgBUcpCQFCsJSKc/idAOjb1QfscRUAXsNUmqscFQO5NFK1oj1VARpkz2vtaVECHyUhRN4dYQPWHhG5Pf0RAbz3d03nuVkAlUxQT/TRKQM87e5s1vUtAPtzRIiXqNUDsd/L5NdNVQNae01bWqVVAyprX9QR8WEDETSS28QY/QOEqNnhVcENA30hHv+jPUkB+7dIirL1QQPaWGNZFdUdAyElZUCf25z+mKDTlusNUQBAAAAAMABQAEgAMAAgABAAMAAAAEAAAACwAAAA4AAAAAAADAAEAAADoAgAAAAAAAMAAAAAAAAAAUAIAAAAAAAAAAAAAAAAAAAAACgAMAAAACAAEAAoAAAAIAAAAdAAAAAMAAABMAAAAKAAAAAQAAAC8/f//CAAAAAwAAAAAAAAAAAAAAAUAAAByZWZJZAAAANz9//8IAAAADAAAAAAAAAAAAAAABAAAAG5hbWUAAAAA/P3//wgAAAAMAAAAAgAAAHt9AAAEAAAAbWV0YQAAAAACAAAAwAEAABgAAAAAABIAGAAUABMAEgAMAAAACAAEABIAAAAUAAAAbAEAAGwBAAAAAAMBbAEAAAIAAAA0AAAABAAAAGD+//8IAAAAGAAAAAwAAABnY19yZWNsYWltZWQAAAAABAAAAG5hbWUAAAAAjP7//wgAAAAQAQAABgEAAHsiYXZhaWxhYmlsaXR5X3pvbmUiOiJhcC1ub3J0aGVhc3QtMS0zIiwiY2VsbCI6ImFwLW5vcnRoZWFzdC0xLWNlbGwtNSIsImluc3RhbmNlX25hbWUiOiJpLXphWnN3bUprLXpldXMtMDAwMi5hbWF6b25hd3MuY29tIiwiamRrX3ZlcnNpb24iOiJKREtfMTEiLCJtaWNyb3NlcnZpY2VfbmFtZSI6InpldXMiLCJwcm9jZXNzX25hbWUiOiJzZXJ2ZXIiLCJyZWdpb24iOiJhcC1ub3J0aGVhc3QtMSIsInNpbG8iOiJhcC1ub3J0aGVhc3QtMS1jZWxsLTUtc2lsby0yIn0AAAYAAABsYWJlbHMAAAAAAACC////AAACAAwAAABnY19yZWNsYWltZWQAABIAGAAUAAAAEwAMAAAACAAEABIAAAAUAAAARAAAAEwAAAAAAAAKTAAAAAEAAAAMAAAACAAMAAgABAAIAAAACAAAABAAAAAEAAAAdGltZQAAAAAEAAAAbmFtZQAAAAAAAAAAAAAGAAgABgAGAAAAAAADAAQAAAB0aW1lAAAAAAADAABBUlJPVzE=
