ðŸŒŸ This was machine generated.  Do not edit. ðŸŒŸ

Frame[0] {}
Name: 
Dimensions: 2 Fields by 19 Rows
+-------------------------------+-----------------------------------------------------------------------------------------------------------------------------------------------------------------------------------------------------------------------------------------------------+
| Name: time                    | Name: gc_reclaimed                                                                                                                                                                                                                                  |
| Labels:                       | Labels: availability_zone=ap-northeast-1-3, cell=ap-northeast-1-cell-5, instance_name=i-zaZswmJk-zeus-0002.amazonaws.com, jdk_version=JDK_11, microservice_name=zeus, process_name=server, region=ap-northeast-1, silo=ap-northeast-1-cell-5-silo-2 |
| Type: []time.Time             | Type: []*float64                                                                                                                                                                                                                                    |
+-------------------------------+-----------------------------------------------------------------------------------------------------------------------------------------------------------------------------------------------------------------------------------------------------+
| 2020-08-20 22:32:17 +0000 UTC | 2.722492507358776                                                                                                                                                                                                                                   |
| 2020-08-20 22:35:30 +0000 UTC | 86.24076392157414                                                                                                                                                                                                                                   |
| 2020-08-20 22:38:44 +0000 UTC | 81.42162184752405                                                                                                                                                                                                                                   |
| 2020-08-20 22:42:03 +0000 UTC | 98.11275131328703                                                                                                                                                                                                                                   |
| 2020-08-20 22:46:28 +0000 UTC | 40.99461156340832                                                                                                                                                                                                                                   |
| 2020-08-20 22:49:22 +0000 UTC | 91.72618576627222                                                                                                                                                                                                                                   |
| 2020-08-20 22:52:15 +0000 UTC | 52.41397322170659                                                                                                                                                                                                                                   |
| 2020-08-20 22:55:07 +0000 UTC | 55.478198466465635                                                                                                                                                                                                                                  |
| 2020-08-20 22:58:00 +0000 UTC | 21.91462915061515                                                                                                                                                                                                                                   |
| ...                           | ...                                                                                                                                                                                                                                                 |
+-------------------------------+-----------------------------------------------------------------------------------------------------------------------------------------------------------------------------------------------------------------------------------------------------+



Frame[1] 
Name: 
Dimensions: 2 Fields by 19 Rows
+-------------------------------+-----------------------------------------------------------------------------------------------------------------------------------------------------------------------------------------------------------------------------------------------------+
| Name: time                    | Name: gc_reclaimed                                                                                                                                                                                                                                  |
| Labels:                       | Labels: availability_zone=ap-northeast-1-3, cell=ap-northeast-1-cell-5, instance_name=i-zaZswmJk-zeus-0011.amazonaws.com, jdk_version=JDK_11, microservice_name=zeus, process_name=server, region=ap-northeast-1, silo=ap-northeast-1-cell-5-silo-2 |
| Type: []time.Time             | Type: []*float64                                                                                                                                                                                                                                    |
+-------------------------------+-----------------------------------------------------------------------------------------------------------------------------------------------------------------------------------------------------------------------------------------------------+
| 2020-08-20 22:32:17 +0000 UTC | 0.9095518222070442                                                                                                                                                                                                                                  |
| 2020-08-20 22:35:30 +0000 UTC | 80.98754619821477                                                                                                                                                                                                                                   |
| 2020-08-20 22:38:44 +0000 UTC | 7.604167564473174                                                                                                                                                                                                                                   |
| 2020-08-20 22:42:03 +0000 UTC | 79.83131582163277                                                                                                                                                                                                                                   |
| 2020-08-20 22:46:28 +0000 UTC | 8.489397879424986                                                                                                                                                                                                                                   |
| 2020-08-20 22:49:22 +0000 UTC | 50.28154134237466                                                                                                                                                                                                                                   |
| 2020-08-20 22:52:15 +0000 UTC | 57.11038481860176                                                                                                                                                                                                                                   |
| 2020-08-20 22:55:07 +0000 UTC | 96.74869907711296                                                                                                                                                                                                                                   |
| 2020-08-20 22:58:00 +0000 UTC | 12.083201911868723                                                                                                                                                                                                                                  |
| ...                           | ...                                                                                                                                                                                                                                                 |
+-------------------------------+-----------------------------------------------------------------------------------------------------------------------------------------------------------------------------------------------------------------------------------------------------+



Frame[2] 
Name: 
Dimensions: 2 Fields by 19 Rows
+-------------------------------+-----------------------------------------------------------------------------------------------------------------------------------------------------------------------------------------------------------------------------------------------------+
| Name: time                    | Name: gc_reclaimed                                                                                                                                                                                                                                  |
| Labels:                       | Labels: availability_zone=ap-northeast-1-3, cell=ap-northeast-1-cell-5, instance_name=i-zaZswmJk-zeus-0005.amazonaws.com, jdk_version=JDK_11, microservice_name=zeus, process_name=server, region=ap-northeast-1, silo=ap-northeast-1-cell-5-silo-2 |
| Type: []time.Time             | Type: []*float64                                                                                                                                                                                                                                    |
+-------------------------------+-----------------------------------------------------------------------------------------------------------------------------------------------------------------------------------------------------------------------------------------------------+
| 2020-08-20 22:32:17 +0000 UTC | 41.56490652268183                                                                                                                                                                                                                                   |
| 2020-08-20 22:35:30 +0000 UTC | 5.216047210484698                                                                                                                                                                                                                                   |
| 2020-08-20 22:38:44 +0000 UTC | 46.807310837954844                                                                                                                                                                                                                                  |
| 2020-08-20 22:42:03 +0000 UTC | 0.5468958872272056                                                                                                                                                                                                                                  |
| 2020-08-20 22:46:28 +0000 UTC | 11.29984890210064                                                                                                                                                                                                                                   |
| 2020-08-20 22:49:22 +0000 UTC | 12.012823297291241                                                                                                                                                                                                                                  |
| 2020-08-20 22:52:15 +0000 UTC | 37.1229030772389                                                                                                                                                                                                                                    |
| 2020-08-20 22:55:07 +0000 UTC | 91.37575055882469                                                                                                                                                                                                                                   |
| 2020-08-20 22:58:00 +0000 UTC | 43.59869666062317                                                                                                                                                                                                                                   |
| ...                           | ...                                                                                                                                                                                                                                                 |
+-------------------------------+-----------------------------------------------------------------------------------------------------------------------------------------------------------------------------------------------------------------------------------------------------+



Frame[3] 
Name: 
Dimensions: 2 Fields by 19 Rows
+-------------------------------+-----------------------------------------------------------------------------------------------------------------------------------------------------------------------------------------------------------------------------------------------------+
| Name: time                    | Name: gc_reclaimed                                                                                                                                                                                                                                  |
| Labels:                       | Labels: availability_zone=ap-northeast-1-3, cell=ap-northeast-1-cell-5, instance_name=i-zaZswmJk-zeus-0008.amazonaws.com, jdk_version=JDK_11, microservice_name=zeus, process_name=server, region=ap-northeast-1, silo=ap-northeast-1-cell-5-silo-2 |
| Type: []time.Time             | Type: []*float64                                                                                                                                                                                                                                    |
+-------------------------------+-----------------------------------------------------------------------------------------------------------------------------------------------------------------------------------------------------------------------------------------------------+
| 2020-08-20 22:32:17 +0000 UTC | 19.159218451694272                                                                                                                                                                                                                                  |
| 2020-08-20 22:35:30 +0000 UTC | 97.38165676184562                                                                                                                                                                                                                                   |
| 2020-08-20 22:38:44 +0000 UTC | 28.851040033578034                                                                                                                                                                                                                                  |
| 2020-08-20 22:42:03 +0000 UTC | 60.82447623427487                                                                                                                                                                                                                                   |
| 2020-08-20 22:46:28 +0000 UTC | 22.379575324764556                                                                                                                                                                                                                                  |
| 2020-08-20 22:49:22 +0000 UTC | 23.034701153754668                                                                                                                                                                                                                                  |
| 2020-08-20 22:52:15 +0000 UTC | 91.20477699844345                                                                                                                                                                                                                                   |
| 2020-08-20 22:55:07 +0000 UTC | 85.47158769930388                                                                                                                                                                                                                                   |
| 2020-08-20 22:58:00 +0000 UTC | 17.381472480330594                                                                                                                                                                                                                                  |
| ...                           | ...                                                                                                                                                                                                                                                 |
+-------------------------------+-----------------------------------------------------------------------------------------------------------------------------------------------------------------------------------------------------------------------------------------------------+



Frame[4] 
Name: 
Dimensions: 2 Fields by 19 Rows
+-------------------------------+-----------------------------------------------------------------------------------------------------------------------------------------------------------------------------------------------------------------------------------------------------+
| Name: time                    | Name: gc_reclaimed                                                                                                                                                                                                                                  |
| Labels:                       | Labels: availability_zone=ap-northeast-1-3, cell=ap-northeast-1-cell-5, instance_name=i-zaZswmJk-zeus-0014.amazonaws.com, jdk_version=JDK_11, microservice_name=zeus, process_name=server, region=ap-northeast-1, silo=ap-northeast-1-cell-5-silo-2 |
| Type: []time.Time             | Type: []*float64                                                                                                                                                                                                                                    |
+-------------------------------+-----------------------------------------------------------------------------------------------------------------------------------------------------------------------------------------------------------------------------------------------------+
| 2020-08-20 22:32:17 +0000 UTC | 53.616606614460004                                                                                                                                                                                                                                  |
| 2020-08-20 22:35:30 +0000 UTC | 33.86487716313646                                                                                                                                                                                                                                   |
| 2020-08-20 22:38:44 +0000 UTC | 47.1946808252312                                                                                                                                                                                                                                    |
| 2020-08-20 22:42:03 +0000 UTC | 41.959432480653845                                                                                                                                                                                                                                  |
| 2020-08-20 22:46:28 +0000 UTC | 97.43681044802311                                                                                                                                                                                                                                   |
| 2020-08-20 22:49:22 +0000 UTC | 12.90731828220908                                                                                                                                                                                                                                   |
| 2020-08-20 22:52:15 +0000 UTC | 47.290374352567355                                                                                                                                                                                                                                  |
| 2020-08-20 22:55:07 +0000 UTC | 20.2186468334816                                                                                                                                                                                                                                    |
| 2020-08-20 22:58:00 +0000 UTC | 88.80783819714014                                                                                                                                                                                                                                   |
| ...                           | ...                                                                                                                                                                                                                                                 |
+-------------------------------+-----------------------------------------------------------------------------------------------------------------------------------------------------------------------------------------------------------------------------------------------------+


====== TEST DATA RESPONSE (arrow base64) ======
FRAME=QVJST1cxAAD/////2AIAABAAAAAAAAoADgAMAAsABAAKAAAAFAAAAAAAAAEDAAoADAAAAAgABAAKAAAACAAAAHQAAAADAAAATAAAACgAAAAEAAAAvP3//wgAAAAMAAAAAAAAAAAAAAAFAAAAcmVmSWQAAADc/f//CAAAAAwAAAAAAAAAAAAAAAQAAABuYW1lAAAAAPz9//8IAAAADAAAAAIAAAB7fQAABAAAAG1ldGEAAAAAAgAAAMABAAAYAAAAAAASABgAFAATABIADAAAAAgABAASAAAAFAAAAGwBAABsAQAAAAADAWwBAAACAAAANAAAAAQAAABg/v//CAAAABgAAAAMAAAAZ2NfcmVjbGFpbWVkAAAAAAQAAABuYW1lAAAAAIz+//8IAAAAEAEAAAYBAAB7ImF2YWlsYWJpbGl0eV96b25lIjoiYXAtbm9ydGhlYXN0LTEtMyIsImNlbGwiOiJhcC1ub3J0aGVhc3QtMS1jZWxsLTUiLCJpbnN0YW5jZV9uYW1lIjoiaS16YVpzd21Kay16ZXVzLTAwMDIuYW1hem9uYXdzLmNvbSIsImpka192ZXJzaW9uIjoiSkRLXzExIiwibWljcm9zZXJ2aWNlX25hbWUiOiJ6ZXVzIiwicHJvY2Vzc19uYW1lIjoic2VydmVyIiwicmVnaW9uIjoiYXAtbm9ydGhlYXN0LTEiLCJzaWxvIjoiYXAtbm9ydGhlYXN0LTEtY2VsbC01LXNpbG8tMiJ9AAAGAAAAbGFiZWxzAAAAAAAAgv///wAAAgAMAAAAZ2NfcmVjbGFpbWVkAAASABgAFAAAABMADAAAAAgABAASAAAAFAAAAEQAAABMAAAAAAAACkwAAAABAAAADAAAAAgADAAIAAQACAAAAAgAAAAQAAAABAAAAHRpbWUAAAAABAAAAG5hbWUAAAAAAAAAAAAABgAIAAYABgAAAAAAAwAEAAAAdGltZQAAAAAAAAAA/////7gAAAAUAAAAAAAAAAwAFgAUABMADAAEAAwAAAAwAQAAAAAAABQAAAAAAAADAwAKABgADAAIAAQACgAAABQAAABYAAAAEwAAAAAAAAAAAAAABAAAAAAAAAAAAAAAAAAAAAAAAAAAAAAAAAAAAJgAAAAAAAAAmAAAAAAAAAAAAAAAAAAAAJgAAAAAAAAAmAAAAAAAAAAAAAAAAgAAABMAAAAAAAAAAAAAAAAAAAATAAAAAAAAAAAAAAAAAAAAACoyl6QaLRYAdOSG0RotFgCIMbL+Gi0WAI6EBy0bLRYAqL+6ahstFgD09D2TGy0WAHaPhbsbLRYALo+R4xstFgCwKdkLHC0WADLEIDQcLRYA6sMsXBwtFgA2+a+EHC0WALiT96wcLRYABMl61RwtFgAamTn+HC0WAGbOvCYdLRYAsgNATx0tFgD+OMN3HS0WAEpuRqAdLRYXsNUmqscFQO5NFK1oj1VARpkz2vtaVECHyUhRN4dYQPWHhG5Pf0RAbz3d03nuVkAlUxQT/TRKQM87e5s1vUtAPtzRIiXqNUDsd/L5NdNVQNae01bWqVVAyprX9QR8WEDETSS28QY/QOEqNnhVcENA30hHv+jPUkB+7dIirL1QQPaWGNZFdUdAyElZUCf25z+mKDTlusNUQBAAAAAMABQAEgAMAAgABAAMAAAAEAAAACwAAAA4AAAAAAADAAEAAADoAgAAAAAAAMAAAAAAAAAAMAEAAAAAAAAAAAAAAAAAAAAACgAMAAAACAAEAAoAAAAIAAAAdAAAAAMAAABMAAAAKAAAAAQAAAC8/f//CAAAAAwAAAAAAAAAAAAAAAUAAAByZWZJZAAAANz9//8IAAAADAAAAAAAAAAAAAAABAAAAG5hbWUAAAAA/P3//wgAAAAMAAAAAgAAAHt9AAAEAAAAbWV0YQAAAAACAAAAwAEAABgAAAAAABIAGAAUABMAEgAMAAAACAAEABIAAAAUAAAAbAEAAGwBAAAAAAMBbAEAAAIAAAA0AAAABAAAAGD+//8IAAAAGAAAAAwAAABnY19yZWNsYWltZWQAAAAABAAAAG5hbWUAAAAAjP7//wgAAAAQAQAABgEAAHsiYXZhaWxhYmlsaXR5X3pvbmUiOiJhcC1ub3J0aGVhc3QtMS0zIiwiY2VsbCI6ImFwLW5vcnRoZWFzdC0xLWNlbGwtNSIsImluc3RhbmNlX25hbWUiOiJpLXphWnN3bUprLXpldXMtMDAwMi5hbWF6b25hd3MuY29tIiwiamRrX3ZlcnNpb24iOiJKREtfMTEiLCJtaWNyb3NlcnZpY2VfbmFtZSI6InpldXMiLCJwcm9jZXNzX25hbWUiOiJzZXJ2ZXIiLCJyZWdpb24iOiJhcC1ub3J0aGVhc3QtMSIsInNpbG8iOiJhcC1ub3J0aGVhc3QtMS1jZWxsLTUtc2lsby0yIn0AAAYAAABsYWJlbHMAAAAAAACC////AAACAAwAAABnY19yZWNsYWltZWQAABIAGAAUAAAAEwAMAAAACAAEABIAAAAUAAAARAAAAEwAAAAAAAAKTAAAAAEAAAAMAAAACAAMAAgABAAIAAAACAAAABAAAAAEAAAAdGltZQAAAAAEAAAAbmFtZQAAAAAAAAAAAAAGAAgABgAGAAAAAAADAAQAAAB0aW1lAAAAAAADAABBUlJPVzE=
FRAME=QVJST1cxAAD/////sAIAABAAAAAAAAoADgAMAAsABAAKAAAAFAAAAAAAAAEDAAoADAAAAAgABAAKAAAACAAAAFAAAAACAAAAKAAAAAQAAADc/f//CAAAAAwAAAAAAAAAAAAAAAUAAAByZWZJZAAAAPz9//8IAAAADAAAAAAAAAAAAAAABAAAAG5hbWUAAAAAAgAAAMABAAAYAAAAAAASABgAFAATABIADAAAAAgABAASAAAAFAAAAGwBAABsAQAAAAADAWwBAAACAAAANAAAAAQAAABg/v//CAAAABgAAAAMAAAAZ2NfcmVjbGFpbWVkAAAAAAQAAABuYW1lAAAAAIz+//8IAAAAEAEAAAYBAAB7ImF2YWlsYWJpbGl0eV96b25lIjoiYXAtbm9ydGhlYXN0LTEtMyIsImNlbGwiOiJhcC1ub3J0aGVhc3QtMS1jZWxsLTUiLCJpbnN0YW5jZV9uYW1lIjoiaS16YVpzd21Kay16ZXVzLTAwMTEuYW1hem9uYXdzLmNvbSIsImpka192ZXJzaW9uIjoiSkRLXzExIiwibWljcm9zZXJ2aWNlX25hbWUiOiJ6ZXVzIiwicHJvY2Vzc19uYW1lIjoic2VydmVyIiwicmVnaW9uIjoiYXAtbm9ydGhlYXN0LTEiLCJzaWxvIjoiYXAtbm9ydGhlYXN0LTEtY2VsbC01LXNpbG8tMiJ9AAAGAAAAbGFiZWxzAAAAAAAAgv///wAAAgAMAAAAZ2NfcmVjbGFpbWVkAAASABgAFAAAABMADAAAAAgABAASAAAAFAAAAEQAAABMAAAAAAAACkwAAAABAAAADAAAAAgADAAIAAQACAAAAAgAAAAQAAAABAAAAHRpbWUAAAAABAAAAG5hbWUAAAAAAAAAAAAABgAIAAYABgAAAAAAAwAEAAAAdGltZQAAAAD/////uAAAABQAAAAAAAAADAAWABQAEwAMAAQADAAAADABAAAAAAAAFAAAAAAAAAMDAAoAGAAMAAgABAAKAAAAFAAAAFgAAAATAAAAAAAAAAAAAAAEAAAAAAAAAAAAAAAAAAAAAAAAAAAAAAAAAAAAmAAAAAAAAACYAAAAAAAAAAAAAAAAAAAAmAAAAAAAAACYAAAAAAAAAAAAAAACAAAAEwAAAAAAAAAAAAAAAAAAABMAAAAAAAAAAAAAAAAAAAAAKjKXpBotFgB05IbRGi0WAIgxsv4aLRYAjoQHLRstFgCov7pqGy0WAPT0PZMbLRYAdo+FuxstFgAuj5HjGy0WALAp2QscLRYAMsQgNBwtFgDqwyxcHC0WADb5r4QcLRYAuJP3rBwtFgAEyXrVHC0WABqZOf4cLRYAZs68Jh0tFgCyA0BPHS0WAP44w3cdLRYASm5GoB0tFtCvTGwMG+0/yCf49DM/VEBy3ermqmoeQNmjRkc09VNAYbndW5L6IEBN/PSLCSRJQErv+BYhjkxAt6+Ir+ovWEC24eRwmSooQEqupBN4dFhAMwFEqqVaI0DYAeZnRd85QJxA3dHgwVhAY9gk1r45B0CBdwyjn9BMQBdQjvMWQFhAnwneTRLLR0Du1sJrjMErQAT3wBUQzVdAEAAAAAwAFAASAAwACAAEAAwAAAAQAAAALAAAADwAAAAAAAMAAQAAAMACAAAAAAAAwAAAAAAAAAAwAQAAAAAAAAAAAAAAAAAAAAAAAAAACgAMAAAACAAEAAoAAAAIAAAAUAAAAAIAAAAoAAAABAAAANz9//8IAAAADAAAAAAAAAAAAAAABQAAAHJlZklkAAAA/P3//wgAAAAMAAAAAAAAAAAAAAAEAAAAbmFtZQAAAAACAAAAwAEAABgAAAAAABIAGAAUABMAEgAMAAAACAAEABIAAAAUAAAAbAEAAGwBAAAAAAMBbAEAAAIAAAA0AAAABAAAAGD+//8IAAAAGAAAAAwAAABnY19yZWNsYWltZWQAAAAABAAAAG5hbWUAAAAAjP7//wgAAAAQAQAABgEAAHsiYXZhaWxhYmlsaXR5X3pvbmUiOiJhcC1ub3J0aGVhc3QtMS0zIiwiY2VsbCI6ImFwLW5vcnRoZWFzdC0xLWNlbGwtNSIsImluc3RhbmNlX25hbWUiOiJpLXphWnN3bUprLXpldXMtMDAxMS5hbWF6b25hd3MuY29tIiwiamRrX3ZlcnNpb24iOiJKREtfMTEiLCJtaWNyb3NlcnZpY2VfbmFtZSI6InpldXMiLCJwcm9jZXNzX25hbWUiOiJzZXJ2ZXIiLCJyZWdpb24iOiJhcC1ub3J0aGVhc3QtMSIsInNpbG8iOiJhcC1ub3J0aGVhc3QtMS1jZWxsLTUtc2lsby0yIn0AAAYAAABsYWJlbHMAAAAAAACC////AAACAAwAAABnY19yZWNsYWltZWQAABIAGAAUAAAAEwAMAAAACAAEABIAAAAUAAAARAAAAEwAAAAAAAAKTAAAAAEAAAAMAAAACAAMAAgABAAIAAAACAAAABAAAAAEAAAAdGltZQAAAAAEAAAAbmFtZQAAAAAAAAAAAAAGAAgABgAGAAAAAAADAAQAAAB0aW1lAAAAAOACAABBUlJPVzE=
FRAME=QVJST1cxAAD/////sAIAABAAAAAAAAoADgAMAAsABAAKAAAAFAAAAAAAAAEDAAoADAAAAAgABAAKAAAACAAAAFAAAAACAAAAKAAAAAQAAADc/f//CAAAAAwAAAAAAAAAAAAAAAUAAAByZWZJZAAAAPz9//8IAAAADAAAAAAAAAAAAAAABAAAAG5hbWUAAAAAAgAAAMABAAAYAAAAAAASABgAFAATABIADAAAAAgABAASAAAAFAAAAGwBAABsAQAAAAADAWwBAAACAAAANAAAAAQAAABg/v//CAAAABgAAAAMAAAAZ2NfcmVjbGFpbWVkAAAAAAQAAABuYW1lAAAAAIz+//8IAAAAEAEAAAYBAAB7ImF2YWlsYWJpbGl0eV96b25lIjoiYXAtbm9ydGhlYXN0LTEtMyIsImNlbGwiOiJhcC1ub3J0aGVhc3QtMS1jZWxsLTUiLCJpbnN0YW5jZV9uYW1lIjoiaS16YVpzd21Kay16ZXVzLTAwMDUuYW1hem9uYXdzLmNvbSIsImpka192ZXJzaW9uIjoiSkRLXzExIiwibWljcm9zZXJ2aWNlX25hbWUiOiJ6ZXVzIiwicHJvY2Vzc19uYW1lIjoic2VydmVyIiwicmVnaW9uIjoiYXAtbm9ydGhlYXN0LTEiLCJzaWxvIjoiYXAtbm9ydGhlYXN0LTEtY2VsbC01LXNpbG8tMiJ9AAAGAAAAbGFiZWxzAAAAAAAAgv///wAAAgAMAAAAZ2NfcmVjbGFpbWVkAAASABgAFAAAABMADAAAAAgABAASAAAAFAAAAEQAAABMAAAAAAAACkwAAAABAAAADAAAAAgADAAIAAQACAAAAAgAAAAQAAAABAAAAHRpbWUAAAAABAAAAG5hbWUAAAAAAAAAAAAABgAIAAYABgAAAAAAAwAEAAAAdGltZQAAAAD/////uAAAABQAAAAAAAAADAAWABQAEwAMAAQADAAAADABAAAAAAAAFAAAAAAAAAMDAAoAGAAMAAgABAAKAAAAFAAAAFgAAAATAAAAAAAAAAAAAAAEAAAAAAAAAAAAAAAAAAAAAAAAAAAAAAAAAAAAmAAAAAAAAACYAAAAAAAAAAAAAAAAAAAAmAAAAAAAAACYAAAAAAAAAAAAAAACAAAAEwAAAAAAAAAAAAAAAAAAABMAAAAAAAAAAAAAAAAAAAAAKjKXpBotFgB05IbRGi0WAIgxsv4aLRYAjoQHLRstFgCov7pqGy0WAPT0PZMbLRYAdo+FuxstFgAuj5HjGy0WALAp2QscLRYAMsQgNBwtFgDqwyxcHC0WADb5r4QcLRYAuJP3rBwtFgAEyXrVHC0WABqZOf4cLRYAZs68Jh0tFgCyA0BPHS0WAP44w3cdLRYASm5GoB0tFpcbYNtOyERA+rHdejvdFEB4XCf2VWdHQOilvs0rgOE/C4eYy4WZJkBM/HTGkAYoQNCovEm7j0JAxWYSTAzYVkDrzJgXosxFQAWI5xgxpVJA1T920uOTVUCWf8I2iycYQCo4CxU6xBNANin3dSprUkD1fysMqxRYQBDa9E+H9VhAYoG23tEiREB6bmyCl1wpQO2Na6/IiFdAEAAAAAwAFAASAAwACAAEAAwAAAAQAAAALAAAADwAAAAAAAMAAQAAAMACAAAAAAAAwAAAAAAAAAAwAQAAAAAAAAAAAAAAAAAAAAAAAAAACgAMAAAACAAEAAoAAAAIAAAAUAAAAAIAAAAoAAAABAAAANz9//8IAAAADAAAAAAAAAAAAAAABQAAAHJlZklkAAAA/P3//wgAAAAMAAAAAAAAAAAAAAAEAAAAbmFtZQAAAAACAAAAwAEAABgAAAAAABIAGAAUABMAEgAMAAAACAAEABIAAAAUAAAAbAEAAGwBAAAAAAMBbAEAAAIAAAA0AAAABAAAAGD+//8IAAAAGAAAAAwAAABnY19yZWNsYWltZWQAAAAABAAAAG5hbWUAAAAAjP7//wgAAAAQAQAABgEAAHsiYXZhaWxhYmlsaXR5X3pvbmUiOiJhcC1ub3J0aGVhc3QtMS0zIiwiY2VsbCI6ImFwLW5vcnRoZWFzdC0xLWNlbGwtNSIsImluc3RhbmNlX25hbWUiOiJpLXphWnN3bUprLXpldXMtMDAwNS5hbWF6b25hd3MuY29tIiwiamRrX3ZlcnNpb24iOiJKREtfMTEiLCJtaWNyb3NlcnZpY2VfbmFtZSI6InpldXMiLCJwcm9jZXNzX25hbWUiOiJzZXJ2ZXIiLCJyZWdpb24iOiJhcC1ub3J0aGVhc3QtMSIsInNpbG8iOiJhcC1ub3J0aGVhc3QtMS1jZWxsLTUtc2lsby0yIn0AAAYAAABsYWJlbHMAAAAAAACC////AAACAAwAAABnY19yZWNsYWltZWQAABIAGAAUAAAAEwAMAAAACAAEABIAAAAUAAAARAAAAEwAAAAAAAAKTAAAAAEAAAAMAAAACAAMAAgABAAIAAAACAAAABAAAAAEAAAAdGltZQAAAAAEAAAAbmFtZQAAAAAAAAAAAAAGAAgABgAGAAAAAAADAAQAAAB0aW1lAAAAAOACAABBUlJPVzE=
FRAME=QVJST1cxAAD/////sAIAABAAAAAAAAoADgAMAAsABAAKAAAAFAAAAAAAAAEDAAoADAAAAAgABAAKAAAACAAAAFAAAAACAAAAKAAAAAQAAADc/f//CAAAAAwAAAAAAAAAAAAAAAUAAAByZWZJZAAAAPz9//8IAAAADAAAAAAAAAAAAAAABAAAAG5hbWUAAAAAAgAAAMABAAAYAAAAAAASABgAFAATABIADAAAAAgABAASAAAAFAAAAGwBAABsAQAAAAADAWwBAAACAAAANAAAAAQAAABg/v//CAAAABgAAAAMAAAAZ2NfcmVjbGFpbWVkAAAAAAQAAABuYW1lAAAAAIz+//8IAAAAEAEAAAYBAAB7ImF2YWlsYWJpbGl0eV96b25lIjoiYXAtbm9ydGhlYXN0LTEtMyIsImNlbGwiOiJhcC1ub3J0aGVhc3QtMS1jZWxsLTUiLCJpbnN0YW5jZV9uYW1lIjoiaS16YVpzd21Kay16ZXVzLTAwMDguYW1hem9uYXdzLmNvbSIsImpka192ZXJzaW9uIjoiSkRLXzExIiwibWljcm9zZXJ2aWNlX25hbWUiOiJ6ZXVzIiwicHJvY2Vzc19uYW1lIjoic2VydmVyIiwicmVnaW9uIjoiYXAtbm9ydGhlYXN0LTEiLCJzaWxvIjoiYXAtbm9ydGhlYXN0LTEtY2VsbC01LXNpbG8tMiJ9AAAGAAAAbGFiZWxzAAAAAAAAgv///wAAAgAMAAAAZ2NfcmVjbGFpbWVkAAASABgAFAAAABMADAAAAAgABAASAAAAFAAAAEQAAABMAAAAAAAACkwAAAABAAAADAAAAAgADAAIAAQACAAAAAgAAAAQAAAABAAAAHRpbWUAAAAABAAAAG5hbWUAAAAAAAAAAAAABgAIAAYABgAAAAAAAwAEAAAAdGltZQAAAAD/////uAAAABQAAAAAAAAADAAWABQAEwAMAAQADAAAADABAAAAAAAAFAAAAAAAAAMDAAoAGAAMAAgABAAKAAAAFAAAAFgAAAATAAAAAAAAAAAAAAAEAAAAAAAAAAAAAAAAAAAAAAAAAAAAAAAAAAAAmAAAAAAAAACYAAAAAAAAAAAAAAAAAAAAmAAAAAAAAACYAAAAAAAAAAAAAAACAAAAEwAAAAAAAAAAAAAAAAAAABMAAAAAAAAAAAAAAAAAAAAAKjKXpBotFgB05IbRGi0WAIgxsv4aLRYAjoQHLRstFgCov7pqGy0WAPT0PZMbLRYAdo+FuxstFgAuj5HjGy0WALAp2QscLRYAMsQgNBwtFgDqwyxcHC0WADb5r4QcLRYAuJP3rBwtFgAEyXrVHC0WABqZOf4cLRYAZs68Jh0tFgCyA0BPHS0WAP44w3cdLRYASm5GoB0tFljyWorCKDNAJpt7EG1YWEDtzXfC3dk8QBhF72+IaU5Aezs22SthNkCAgsAs4gg3QGnS+xAbzVZAMG0sfi5eVUAKWDMuqGExQLkmAl0yaFBAD5h6iW8OSUCurHfD6nFAQMQNm9wd/khAgkPUlioLHkD9b91qmflDQBfMXNLI/DVAeGwFLr0cUEC9nXGVu/I0QFAukcUB3UNAEAAAAAwAFAASAAwACAAEAAwAAAAQAAAALAAAADwAAAAAAAMAAQAAAMACAAAAAAAAwAAAAAAAAAAwAQAAAAAAAAAAAAAAAAAAAAAAAAAACgAMAAAACAAEAAoAAAAIAAAAUAAAAAIAAAAoAAAABAAAANz9//8IAAAADAAAAAAAAAAAAAAABQAAAHJlZklkAAAA/P3//wgAAAAMAAAAAAAAAAAAAAAEAAAAbmFtZQAAAAACAAAAwAEAABgAAAAAABIAGAAUABMAEgAMAAAACAAEABIAAAAUAAAAbAEAAGwBAAAAAAMBbAEAAAIAAAA0AAAABAAAAGD+//8IAAAAGAAAAAwAAABnY19yZWNsYWltZWQAAAAABAAAAG5hbWUAAAAAjP7//wgAAAAQAQAABgEAAHsiYXZhaWxhYmlsaXR5X3pvbmUiOiJhcC1ub3J0aGVhc3QtMS0zIiwiY2VsbCI6ImFwLW5vcnRoZWFzdC0xLWNlbGwtNSIsImluc3RhbmNlX25hbWUiOiJpLXphWnN3bUprLXpldXMtMDAwOC5hbWF6b25hd3MuY29tIiwiamRrX3ZlcnNpb24iOiJKREtfMTEiLCJtaWNyb3NlcnZpY2VfbmFtZSI6InpldXMiLCJwcm9jZXNzX25hbWUiOiJzZXJ2ZXIiLCJyZWdpb24iOiJhcC1ub3J0aGVhc3QtMSIsInNpbG8iOiJhcC1ub3J0aGVhc3QtMS1jZWxsLTUtc2lsby0yIn0AAAYAAABsYWJlbHMAAAAAAACC////AAACAAwAAABnY19yZWNsYWltZWQAABIAGAAUAAAAEwAMAAAACAAEABIAAAAUAAAARAAAAEwAAAAAAAAKTAAAAAEAAAAMAAAACAAMAAgABAAIAAAACAAAABAAAAAEAAAAdGltZQAAAAAEAAAAbmFtZQAAAAAAAAAAAAAGAAgABgAGAAAAAAADAAQAAAB0aW1lAAAAAOACAABBUlJPVzE=
FRAME=QVJST1cxAAD/////sAIAABAAAAAAAAoADgAMAAsABAAKAAAAFAAAAAAAAAEDAAoADAAAAAgABAAKAAAACAAAAFAAAAACAAAAKAAAAAQAAADc/f//CAAAAAwAAAAAAAAAAAAAAAUAAAByZWZJZAAAAPz9//8IAAAADAAAAAAAAAAAAAAABAAAAG5hbWUAAAAAAgAAAMABAAAYAAAAAAASABgAFAATABIADAAAAAgABAASAAAAFAAAAGwBAABsAQAAAAADAWwBAAACAAAANAAAAAQAAABg/v//CAAAABgAAAAMAAAAZ2NfcmVjbGFpbWVkAAAAAAQAAABuYW1lAAAAAIz+//8IAAAAEAEAAAYBAAB7ImF2YWlsYWJpbGl0eV96b25lIjoiYXAtbm9ydGhlYXN0LTEtMyIsImNlbGwiOiJhcC1ub3J0aGVhc3QtMS1jZWxsLTUiLCJpbnN0YW5jZV9uYW1lIjoiaS16YVpzd21Kay16ZXVzLTAwMTQuYW1hem9uYXdzLmNvbSIsImpka192ZXJzaW9uIjoiSkRLXzExIiwibWljcm9zZXJ2aWNlX25hbWUiOiJ6ZXVzIiwicHJvY2Vzc19uYW1lIjoic2VydmVyIiwicmVnaW9uIjoiYXAtbm9ydGhlYXN0LTEiLCJzaWxvIjoiYXAtbm9ydGhlYXN0LTEtY2VsbC01LXNpbG8tMiJ9AAAGAAAAbGFiZWxzAAAAAAAAgv///wAAAgAMAAAAZ2NfcmVjbGFpbWVkAAASABgAFAAAABMADAAAAAgABAASAAAAFAAAAEQAAABMAAAAAAAACkwAAAABAAAADAAAAAgADAAIAAQACAAAAAgAAAAQAAAABAAAAHRpbWUAAAAABAAAAG5hbWUAAAAAAAAAAAAABgAIAAYABgAAAAAAAwAEAAAAdGltZQAAAAD/////uAAAABQAAAAAAAAADAAWABQAEwAMAAQADAAAADABAAAAAAAAFAAAAAAAAAMDAAoAGAAMAAgABAAKAAAAFAAAAFgAAAATAAAAAAAAAAAAAAAEAAAAAAAAAAAAAAAAAAAAAAAAAAAAAAAAAAAAmAAAAAAAAACYAAAAAAAAAAAAAAAAAAAAmAAAAAAAAACYAAAAAAAAAAAAAAACAAAAEwAAAAAAAAAAAAAAAAAAABMAAAAAAAAAAAAAAAAAAAAAKjKXpBotFgB05IbRGi0WAIgxsv4aLRYAjoQHLRstFgCov7pqGy0WAPT0PZMbLRYAdo+FuxstFgAuj5HjGy0WALAp2QscLRYAMsQgNBwtFgDqwyxcHC0WADb5r4QcLRYAuJP3rBwtFgAEyXrVHC0WABqZOf4cLRYAZs68Jh0tFgCyA0BPHS0WAP44w3cdLRYASm5GoB0tFi/NLffszkpAO119S7TuQEBewyBN65hHQHCQ+67O+kRA3TPPs/RbWEBCTZoFjNApQN7vnfwqpUdAbC0nPfk3NEBMS/ueszNWQE14neYCIkxAZEJVz8JtUkDNG5+LLp81QFwg/lr/UjZAHhhVIhAmREBN42k/eWBDQBpgldVith9AqoG4KprRMkCOE6R87KcCQEoOqNUHRDFAEAAAAAwAFAASAAwACAAEAAwAAAAQAAAALAAAADwAAAAAAAMAAQAAAMACAAAAAAAAwAAAAAAAAAAwAQAAAAAAAAAAAAAAAAAAAAAAAAAACgAMAAAACAAEAAoAAAAIAAAAUAAAAAIAAAAoAAAABAAAANz9//8IAAAADAAAAAAAAAAAAAAABQAAAHJlZklkAAAA/P3//wgAAAAMAAAAAAAAAAAAAAAEAAAAbmFtZQAAAAACAAAAwAEAABgAAAAAABIAGAAUABMAEgAMAAAACAAEABIAAAAUAAAAbAEAAGwBAAAAAAMBbAEAAAIAAAA0AAAABAAAAGD+//8IAAAAGAAAAAwAAABnY19yZWNsYWltZWQAAAAABAAAAG5hbWUAAAAAjP7//wgAAAAQAQAABgEAAHsiYXZhaWxhYmlsaXR5X3pvbmUiOiJhcC1ub3J0aGVhc3QtMS0zIiwiY2VsbCI6ImFwLW5vcnRoZWFzdC0xLWNlbGwtNSIsImluc3RhbmNlX25hbWUiOiJpLXphWnN3bUprLXpldXMtMDAxNC5hbWF6b25hd3MuY29tIiwiamRrX3ZlcnNpb24iOiJKREtfMTEiLCJtaWNyb3NlcnZpY2VfbmFtZSI6InpldXMiLCJwcm9jZXNzX25hbWUiOiJzZXJ2ZXIiLCJyZWdpb24iOiJhcC1ub3J0aGVhc3QtMSIsInNpbG8iOiJhcC1ub3J0aGVhc3QtMS1jZWxsLTUtc2lsby0yIn0AAAYAAABsYWJlbHMAAAAAAACC////AAACAAwAAABnY19yZWNsYWltZWQAABIAGAAUAAAAEwAMAAAACAAEABIAAAAUAAAARAAAAEwAAAAAAAAKTAAAAAEAAAAMAAAACAAMAAgABAAIAAAACAAAABAAAAAEAAAAdGltZQAAAAAEAAAAbmFtZQAAAAAAAAAAAAAGAAgABgAGAAAAAAADAAQAAAB0aW1lAAAAAOACAABBUlJPVzE=
